MPLINK 5.09, LINKER
Linker Map File - Created Fri Jun 16 15:55:38 2023

                                 Section Info
                  Section       Type    Address   Location Size(Bytes)
                ---------  ---------  ---------  ---------  ---------
                   .org_0       code   0x000000    program   0x000002
                   .cinit    romdata   0x000001    program   0x000004
                   .org_1       code   0x000004    program   0x000002
                   .org_2       code   0x000005    program   0x00011a
.config_2007_BUILD/DEFAULT/PRODUCTION/ASCENSO       code   0x002007    program   0x000002
.config_2008_BUILD/DEFAULT/PRODUCTION/ASCENSO       code   0x002008    program   0x000002



                              Program Memory Usage 
                               Start         End      
                           ---------   ---------      
                            0x000000    0x000002      
                            0x000004    0x000091      
                            0x002007    0x002008      
            147 out of 8455 program addresses used, program memory utilization is 1%



                              Symbols - Sorted by Name
                     Name    Address   Location    Storage File                     
                ---------  ---------  ---------  --------- ---------                
                 FIN_INTE   0x00008d    program     static C:\Users\frank\MPLABXProjects\Ascensor\AscensorV1.X\ascensor.asm
                   FIN_RB   0x000085    program     static C:\Users\frank\MPLABXProjects\Ascensor\AscensorV1.X\ascensor.asm
                   INICIO   0x000005    program     static C:\Users\frank\MPLABXProjects\Ascensor\AscensorV1.X\ascensor.asm
               ISR_INICIO   0x000067    program     static C:\Users\frank\MPLABXProjects\Ascensor\AscensorV1.X\ascensor.asm
                    LOOP1   0x00005c    program     static C:\Users\frank\MPLABXProjects\Ascensor\AscensorV1.X\ascensor.asm
                    LOOP2   0x00005e    program     static C:\Users\frank\MPLABXProjects\Ascensor\AscensorV1.X\ascensor.asm
                    LOOP3   0x000060    program     static C:\Users\frank\MPLABXProjects\Ascensor\AscensorV1.X\ascensor.asm
                    LOOPI   0x000070    program     static C:\Users\frank\MPLABXProjects\Ascensor\AscensorV1.X\ascensor.asm
                LOOP_MAIN   0x000025    program     static C:\Users\frank\MPLABXProjects\Ascensor\AscensorV1.X\ascensor.asm
                  MOSTRAR   0x000032    program     static C:\Users\frank\MPLABXProjects\Ascensor\AscensorV1.X\ascensor.asm
             MOSTRAR_DSPL   0x000034    program     static C:\Users\frank\MPLABXProjects\Ascensor\AscensorV1.X\ascensor.asm
            NINGUNA_TECLA   0x000089    program     static C:\Users\frank\MPLABXProjects\Ascensor\AscensorV1.X\ascensor.asm
                   RESTAR   0x000030    program     static C:\Users\frank\MPLABXProjects\Ascensor\AscensorV1.X\ascensor.asm
                  RETARDO   0x00005a    program     static C:\Users\frank\MPLABXProjects\Ascensor\AscensorV1.X\ascensor.asm
               TABLA_DSPL   0x000038    program     static C:\Users\frank\MPLABXProjects\Ascensor\AscensorV1.X\ascensor.asm
            TABLA_TECLADO   0x000049    program     static C:\Users\frank\MPLABXProjects\Ascensor\AscensorV1.X\ascensor.asm
                   VERIF2   0x00002b    program     static C:\Users\frank\MPLABXProjects\Ascensor\AscensorV1.X\ascensor.asm



                              Symbols - Sorted by Address
                     Name    Address   Location    Storage File                     
                ---------  ---------  ---------  --------- ---------                
                   INICIO   0x000005    program     static C:\Users\frank\MPLABXProjects\Ascensor\AscensorV1.X\ascensor.asm
                LOOP_MAIN   0x000025    program     static C:\Users\frank\MPLABXProjects\Ascensor\AscensorV1.X\ascensor.asm
                   VERIF2   0x00002b    program     static C:\Users\frank\MPLABXProjects\Ascensor\AscensorV1.X\ascensor.asm
                   RESTAR   0x000030    program     static C:\Users\frank\MPLABXProjects\Ascensor\AscensorV1.X\ascensor.asm
                  MOSTRAR   0x000032    program     static C:\Users\frank\MPLABXProjects\Ascensor\AscensorV1.X\ascensor.asm
             MOSTRAR_DSPL   0x000034    program     static C:\Users\frank\MPLABXProjects\Ascensor\AscensorV1.X\ascensor.asm
               TABLA_DSPL   0x000038    program     static C:\Users\frank\MPLABXProjects\Ascensor\AscensorV1.X\ascensor.asm
            TABLA_TECLADO   0x000049    program     static C:\Users\frank\MPLABXProjects\Ascensor\AscensorV1.X\ascensor.asm
                  RETARDO   0x00005a    program     static C:\Users\frank\MPLABXProjects\Ascensor\AscensorV1.X\ascensor.asm
                    LOOP1   0x00005c    program     static C:\Users\frank\MPLABXProjects\Ascensor\AscensorV1.X\ascensor.asm
                    LOOP2   0x00005e    program     static C:\Users\frank\MPLABXProjects\Ascensor\AscensorV1.X\ascensor.asm
                    LOOP3   0x000060    program     static C:\Users\frank\MPLABXProjects\Ascensor\AscensorV1.X\ascensor.asm
               ISR_INICIO   0x000067    program     static C:\Users\frank\MPLABXProjects\Ascensor\AscensorV1.X\ascensor.asm
                    LOOPI   0x000070    program     static C:\Users\frank\MPLABXProjects\Ascensor\AscensorV1.X\ascensor.asm
                   FIN_RB   0x000085    program     static C:\Users\frank\MPLABXProjects\Ascensor\AscensorV1.X\ascensor.asm
            NINGUNA_TECLA   0x000089    program     static C:\Users\frank\MPLABXProjects\Ascensor\AscensorV1.X\ascensor.asm
                 FIN_INTE   0x00008d    program     static C:\Users\frank\MPLABXProjects\Ascensor\AscensorV1.X\ascensor.asm


