MPLINK 5.09, LINKER
Linker Map File - Created Wed Jun 14 01:46:46 2023

                                 Section Info
                  Section       Type    Address   Location Size(Bytes)
                ---------  ---------  ---------  ---------  ---------
                   .org_0       code   0x000000    program   0x000002
                   .cinit    romdata   0x000001    program   0x000004
                   .org_1       code   0x000004    program   0x000002
                   .org_2       code   0x000005    program   0x0001a2
.config_2007_BUILD/DEFAULT/PRODUCTION/ASCENSO       code   0x002007    program   0x000002
.config_2008_BUILD/DEFAULT/PRODUCTION/ASCENSO       code   0x002008    program   0x000002



                              Program Memory Usage 
                               Start         End      
                           ---------   ---------      
                            0x000000    0x000002      
                            0x000004    0x0000d5      
                            0x002007    0x002008      
            215 out of 8455 program addresses used, program memory utilization is 2%



                              Symbols - Sorted by Name
                     Name    Address   Location    Storage File                     
                ---------  ---------  ---------  --------- ---------                
                    ABAJO   0x0000a8    program     static C:\Users\frank\MPLABXProjects\Ascensor\AscensorV1.X\ascensor.asm
          ACTUALIZAR_PISO   0x0000cb    program     static C:\Users\frank\MPLABXProjects\Ascensor\AscensorV1.X\ascensor.asm
                   ARRIBA   0x0000a5    program     static C:\Users\frank\MPLABXProjects\Ascensor\AscensorV1.X\ascensor.asm
                    FINSI   0x0000ad    program     static C:\Users\frank\MPLABXProjects\Ascensor\AscensorV1.X\ascensor.asm
                 FIN_INTE   0x0000d1    program     static C:\Users\frank\MPLABXProjects\Ascensor\AscensorV1.X\ascensor.asm
                   FIN_RB   0x00007c    program     static C:\Users\frank\MPLABXProjects\Ascensor\AscensorV1.X\ascensor.asm
                 FIN_TMR0   0x0000ce    program     static C:\Users\frank\MPLABXProjects\Ascensor\AscensorV1.X\ascensor.asm
                   INICIO   0x000005    program     static C:\Users\frank\MPLABXProjects\Ascensor\AscensorV1.X\ascensor.asm
               ISR_INICIO   0x00005d    program     static C:\Users\frank\MPLABXProjects\Ascensor\AscensorV1.X\ascensor.asm
                     LOOP   0x0000ad    program     static C:\Users\frank\MPLABXProjects\Ascensor\AscensorV1.X\ascensor.asm
                    LOOP1   0x000052    program     static C:\Users\frank\MPLABXProjects\Ascensor\AscensorV1.X\ascensor.asm
                    LOOP2   0x000054    program     static C:\Users\frank\MPLABXProjects\Ascensor\AscensorV1.X\ascensor.asm
                    LOOP3   0x000056    program     static C:\Users\frank\MPLABXProjects\Ascensor\AscensorV1.X\ascensor.asm
                    LOOPI   0x000067    program     static C:\Users\frank\MPLABXProjects\Ascensor\AscensorV1.X\ascensor.asm
             MOSTRAR_DSPL   0x00002a    program     static C:\Users\frank\MPLABXProjects\Ascensor\AscensorV1.X\ascensor.asm
            NINGUNA_TECLA   0x0000bd    program     static C:\Users\frank\MPLABXProjects\Ascensor\AscensorV1.X\ascensor.asm
                  RETARDO   0x000050    program     static C:\Users\frank\MPLABXProjects\Ascensor\AscensorV1.X\ascensor.asm
        RUTINA_EMERGENCIA   0x0000b6    program     static C:\Users\frank\MPLABXProjects\Ascensor\AscensorV1.X\ascensor.asm
               TABLA_DSPL   0x00002e    program     static C:\Users\frank\MPLABXProjects\Ascensor\AscensorV1.X\ascensor.asm
            TABLA_TECLADO   0x00003f    program     static C:\Users\frank\MPLABXProjects\Ascensor\AscensorV1.X\ascensor.asm
               TIMER0_ISR   0x0000c1    program     static C:\Users\frank\MPLABXProjects\Ascensor\AscensorV1.X\ascensor.asm
             _.org_2_0029   0x000029    program     static C:\Users\frank\MPLABXProjects\Ascensor\AscensorV1.X\ascensor.asm



                              Symbols - Sorted by Address
                     Name    Address   Location    Storage File                     
                ---------  ---------  ---------  --------- ---------                
                   INICIO   0x000005    program     static C:\Users\frank\MPLABXProjects\Ascensor\AscensorV1.X\ascensor.asm
             _.org_2_0029   0x000029    program     static C:\Users\frank\MPLABXProjects\Ascensor\AscensorV1.X\ascensor.asm
             MOSTRAR_DSPL   0x00002a    program     static C:\Users\frank\MPLABXProjects\Ascensor\AscensorV1.X\ascensor.asm
               TABLA_DSPL   0x00002e    program     static C:\Users\frank\MPLABXProjects\Ascensor\AscensorV1.X\ascensor.asm
            TABLA_TECLADO   0x00003f    program     static C:\Users\frank\MPLABXProjects\Ascensor\AscensorV1.X\ascensor.asm
                  RETARDO   0x000050    program     static C:\Users\frank\MPLABXProjects\Ascensor\AscensorV1.X\ascensor.asm
                    LOOP1   0x000052    program     static C:\Users\frank\MPLABXProjects\Ascensor\AscensorV1.X\ascensor.asm
                    LOOP2   0x000054    program     static C:\Users\frank\MPLABXProjects\Ascensor\AscensorV1.X\ascensor.asm
                    LOOP3   0x000056    program     static C:\Users\frank\MPLABXProjects\Ascensor\AscensorV1.X\ascensor.asm
               ISR_INICIO   0x00005d    program     static C:\Users\frank\MPLABXProjects\Ascensor\AscensorV1.X\ascensor.asm
                    LOOPI   0x000067    program     static C:\Users\frank\MPLABXProjects\Ascensor\AscensorV1.X\ascensor.asm
                   FIN_RB   0x00007c    program     static C:\Users\frank\MPLABXProjects\Ascensor\AscensorV1.X\ascensor.asm
                   ARRIBA   0x0000a5    program     static C:\Users\frank\MPLABXProjects\Ascensor\AscensorV1.X\ascensor.asm
                    ABAJO   0x0000a8    program     static C:\Users\frank\MPLABXProjects\Ascensor\AscensorV1.X\ascensor.asm
                     LOOP   0x0000ad    program     static C:\Users\frank\MPLABXProjects\Ascensor\AscensorV1.X\ascensor.asm
                    FINSI   0x0000ad    program     static C:\Users\frank\MPLABXProjects\Ascensor\AscensorV1.X\ascensor.asm
        RUTINA_EMERGENCIA   0x0000b6    program     static C:\Users\frank\MPLABXProjects\Ascensor\AscensorV1.X\ascensor.asm
            NINGUNA_TECLA   0x0000bd    program     static C:\Users\frank\MPLABXProjects\Ascensor\AscensorV1.X\ascensor.asm
               TIMER0_ISR   0x0000c1    program     static C:\Users\frank\MPLABXProjects\Ascensor\AscensorV1.X\ascensor.asm
          ACTUALIZAR_PISO   0x0000cb    program     static C:\Users\frank\MPLABXProjects\Ascensor\AscensorV1.X\ascensor.asm
                 FIN_TMR0   0x0000ce    program     static C:\Users\frank\MPLABXProjects\Ascensor\AscensorV1.X\ascensor.asm
                 FIN_INTE   0x0000d1    program     static C:\Users\frank\MPLABXProjects\Ascensor\AscensorV1.X\ascensor.asm


