MPLINK 5.09, LINKER
Linker Map File - Created Tue Jun 20 04:36:37 2023

                                 Section Info
                  Section       Type    Address   Location Size(Bytes)
                ---------  ---------  ---------  ---------  ---------
                   .org_0       code   0x000000    program   0x000002
                   .cinit    romdata   0x000001    program   0x000004
                   .org_1       code   0x000004    program   0x000002
                   .org_2       code   0x000005    program   0x0001e4
.config_2007_BUILD/DEFAULT/DEBUG/ASCENSOR.O       code   0x002007    program   0x000002
.config_2008_BUILD/DEFAULT/DEBUG/ASCENSOR.O       code   0x002008    program   0x000002



                              Program Memory Usage 
                               Start         End      
                           ---------   ---------      
                            0x000000    0x000002      
                            0x000004    0x0000f6      
                            0x002007    0x002008      
            248 out of 8455 program addresses used, program memory utilization is 2%



                              Symbols - Sorted by Name
                     Name    Address   Location    Storage File                     
                ---------  ---------  ---------  --------- ---------                
                    ABAJO   0x00006e    program     static C:\Users\frank\MPLABXProjects\Ascensor\AscensorV1.X\ascensor.asm
                   ARRIBA   0x00006b    program     static C:\Users\frank\MPLABXProjects\Ascensor\AscensorV1.X\ascensor.asm
                 CONTINUE   0x0000e1    program     static C:\Users\frank\MPLABXProjects\Ascensor\AscensorV1.X\ascensor.asm
               EMERGENCIA   0x000073    program     static C:\Users\frank\MPLABXProjects\Ascensor\AscensorV1.X\ascensor.asm
                 FIN_INTE   0x0000f2    program     static C:\Users\frank\MPLABXProjects\Ascensor\AscensorV1.X\ascensor.asm
                   FIN_RB   0x0000d2    program     static C:\Users\frank\MPLABXProjects\Ascensor\AscensorV1.X\ascensor.asm
                 FIN_TMR0   0x0000ef    program     static C:\Users\frank\MPLABXProjects\Ascensor\AscensorV1.X\ascensor.asm
                   INICIO   0x000005    program     static C:\Users\frank\MPLABXProjects\Ascensor\AscensorV1.X\ascensor.asm
               ISR_INICIO   0x0000b3    program     static C:\Users\frank\MPLABXProjects\Ascensor\AscensorV1.X\ascensor.asm
                ISR_TIMER   0x0000db    program     static C:\Users\frank\MPLABXProjects\Ascensor\AscensorV1.X\ascensor.asm
                    LOOP1   0x0000a8    program     static C:\Users\frank\MPLABXProjects\Ascensor\AscensorV1.X\ascensor.asm
                    LOOP2   0x0000aa    program     static C:\Users\frank\MPLABXProjects\Ascensor\AscensorV1.X\ascensor.asm
                    LOOP3   0x0000ac    program     static C:\Users\frank\MPLABXProjects\Ascensor\AscensorV1.X\ascensor.asm
                    LOOPI   0x0000bd    program     static C:\Users\frank\MPLABXProjects\Ascensor\AscensorV1.X\ascensor.asm
                LOOP_MAIN   0x000031    program     static C:\Users\frank\MPLABXProjects\Ascensor\AscensorV1.X\ascensor.asm
                  MOSTRAR   0x000071    program     static C:\Users\frank\MPLABXProjects\Ascensor\AscensorV1.X\ascensor.asm
             MOSTRAR_DSPL   0x000079    program     static C:\Users\frank\MPLABXProjects\Ascensor\AscensorV1.X\ascensor.asm
            NINGUNA_TECLA   0x0000d7    program     static C:\Users\frank\MPLABXProjects\Ascensor\AscensorV1.X\ascensor.asm
           NO_FUNCIONANDO   0x000062    program     static C:\Users\frank\MPLABXProjects\Ascensor\AscensorV1.X\ascensor.asm
                  RECIBIR   0x00007d    program     static C:\Users\frank\MPLABXProjects\Ascensor\AscensorV1.X\ascensor.asm
                   RESTAR   0x000046    program     static C:\Users\frank\MPLABXProjects\Ascensor\AscensorV1.X\ascensor.asm
                  RETARDO   0x0000a6    program     static C:\Users\frank\MPLABXProjects\Ascensor\AscensorV1.X\ascensor.asm
            SETEAR_BUZZER   0x0000e7    program     static C:\Users\frank\MPLABXProjects\Ascensor\AscensorV1.X\ascensor.asm
                    SONAR   0x0000e4    program     static C:\Users\frank\MPLABXProjects\Ascensor\AscensorV1.X\ascensor.asm
               TABLA_DSPL   0x000084    program     static C:\Users\frank\MPLABXProjects\Ascensor\AscensorV1.X\ascensor.asm
            TABLA_TECLADO   0x000095    program     static C:\Users\frank\MPLABXProjects\Ascensor\AscensorV1.X\ascensor.asm
                  TESTEAR   0x00004b    program     static C:\Users\frank\MPLABXProjects\Ascensor\AscensorV1.X\ascensor.asm
                   VERIF2   0x000040    program     static C:\Users\frank\MPLABXProjects\Ascensor\AscensorV1.X\ascensor.asm
             _.org_2_0078   0x000078    program     static C:\Users\frank\MPLABXProjects\Ascensor\AscensorV1.X\ascensor.asm
             _.org_2_00EA   0x0000ea    program     static C:\Users\frank\MPLABXProjects\Ascensor\AscensorV1.X\ascensor.asm
             _.org_2_00EC   0x0000ec    program     static C:\Users\frank\MPLABXProjects\Ascensor\AscensorV1.X\ascensor.asm



                              Symbols - Sorted by Address
                     Name    Address   Location    Storage File                     
                ---------  ---------  ---------  --------- ---------                
                   INICIO   0x000005    program     static C:\Users\frank\MPLABXProjects\Ascensor\AscensorV1.X\ascensor.asm
                LOOP_MAIN   0x000031    program     static C:\Users\frank\MPLABXProjects\Ascensor\AscensorV1.X\ascensor.asm
                   VERIF2   0x000040    program     static C:\Users\frank\MPLABXProjects\Ascensor\AscensorV1.X\ascensor.asm
                   RESTAR   0x000046    program     static C:\Users\frank\MPLABXProjects\Ascensor\AscensorV1.X\ascensor.asm
                  TESTEAR   0x00004b    program     static C:\Users\frank\MPLABXProjects\Ascensor\AscensorV1.X\ascensor.asm
           NO_FUNCIONANDO   0x000062    program     static C:\Users\frank\MPLABXProjects\Ascensor\AscensorV1.X\ascensor.asm
                   ARRIBA   0x00006b    program     static C:\Users\frank\MPLABXProjects\Ascensor\AscensorV1.X\ascensor.asm
                    ABAJO   0x00006e    program     static C:\Users\frank\MPLABXProjects\Ascensor\AscensorV1.X\ascensor.asm
                  MOSTRAR   0x000071    program     static C:\Users\frank\MPLABXProjects\Ascensor\AscensorV1.X\ascensor.asm
               EMERGENCIA   0x000073    program     static C:\Users\frank\MPLABXProjects\Ascensor\AscensorV1.X\ascensor.asm
             _.org_2_0078   0x000078    program     static C:\Users\frank\MPLABXProjects\Ascensor\AscensorV1.X\ascensor.asm
             MOSTRAR_DSPL   0x000079    program     static C:\Users\frank\MPLABXProjects\Ascensor\AscensorV1.X\ascensor.asm
                  RECIBIR   0x00007d    program     static C:\Users\frank\MPLABXProjects\Ascensor\AscensorV1.X\ascensor.asm
               TABLA_DSPL   0x000084    program     static C:\Users\frank\MPLABXProjects\Ascensor\AscensorV1.X\ascensor.asm
            TABLA_TECLADO   0x000095    program     static C:\Users\frank\MPLABXProjects\Ascensor\AscensorV1.X\ascensor.asm
                  RETARDO   0x0000a6    program     static C:\Users\frank\MPLABXProjects\Ascensor\AscensorV1.X\ascensor.asm
                    LOOP1   0x0000a8    program     static C:\Users\frank\MPLABXProjects\Ascensor\AscensorV1.X\ascensor.asm
                    LOOP2   0x0000aa    program     static C:\Users\frank\MPLABXProjects\Ascensor\AscensorV1.X\ascensor.asm
                    LOOP3   0x0000ac    program     static C:\Users\frank\MPLABXProjects\Ascensor\AscensorV1.X\ascensor.asm
               ISR_INICIO   0x0000b3    program     static C:\Users\frank\MPLABXProjects\Ascensor\AscensorV1.X\ascensor.asm
                    LOOPI   0x0000bd    program     static C:\Users\frank\MPLABXProjects\Ascensor\AscensorV1.X\ascensor.asm
                   FIN_RB   0x0000d2    program     static C:\Users\frank\MPLABXProjects\Ascensor\AscensorV1.X\ascensor.asm
            NINGUNA_TECLA   0x0000d7    program     static C:\Users\frank\MPLABXProjects\Ascensor\AscensorV1.X\ascensor.asm
                ISR_TIMER   0x0000db    program     static C:\Users\frank\MPLABXProjects\Ascensor\AscensorV1.X\ascensor.asm
                 CONTINUE   0x0000e1    program     static C:\Users\frank\MPLABXProjects\Ascensor\AscensorV1.X\ascensor.asm
                    SONAR   0x0000e4    program     static C:\Users\frank\MPLABXProjects\Ascensor\AscensorV1.X\ascensor.asm
            SETEAR_BUZZER   0x0000e7    program     static C:\Users\frank\MPLABXProjects\Ascensor\AscensorV1.X\ascensor.asm
             _.org_2_00EA   0x0000ea    program     static C:\Users\frank\MPLABXProjects\Ascensor\AscensorV1.X\ascensor.asm
             _.org_2_00EC   0x0000ec    program     static C:\Users\frank\MPLABXProjects\Ascensor\AscensorV1.X\ascensor.asm
                 FIN_TMR0   0x0000ef    program     static C:\Users\frank\MPLABXProjects\Ascensor\AscensorV1.X\ascensor.asm
                 FIN_INTE   0x0000f2    program     static C:\Users\frank\MPLABXProjects\Ascensor\AscensorV1.X\ascensor.asm


