MPLINK 5.09, LINKER
Linker Map File - Created Mon Jun 19 23:52:23 2023

                                 Section Info
                  Section       Type    Address   Location Size(Bytes)
                ---------  ---------  ---------  ---------  ---------
                   .org_0       code   0x000000    program   0x000002
                   .cinit    romdata   0x000001    program   0x000004
                   .org_1       code   0x000004    program   0x000002
                   .org_2       code   0x000005    program   0x0001be
.config_2007_BUILD/DEFAULT/DEBUG/ASCENSOR.O       code   0x002007    program   0x000002
.config_2008_BUILD/DEFAULT/DEBUG/ASCENSOR.O       code   0x002008    program   0x000002



                              Program Memory Usage 
                               Start         End      
                           ---------   ---------      
                            0x000000    0x000002      
                            0x000004    0x0000e3      
                            0x002007    0x002008      
            229 out of 8455 program addresses used, program memory utilization is 2%



                              Symbols - Sorted by Name
                     Name    Address   Location    Storage File                     
                ---------  ---------  ---------  --------- ---------                
                    ABAJO   0x00006c    program     static C:\Users\frank\MPLABXProjects\Ascensor\AscensorV1.X\ascensor.asm
                   ARRIBA   0x000069    program     static C:\Users\frank\MPLABXProjects\Ascensor\AscensorV1.X\ascensor.asm
                 CONTINUE   0x0000d8    program     static C:\Users\frank\MPLABXProjects\Ascensor\AscensorV1.X\ascensor.asm
               EMERGENCIA   0x000071    program     static C:\Users\frank\MPLABXProjects\Ascensor\AscensorV1.X\ascensor.asm
                 FIN_INTE   0x0000df    program     static C:\Users\frank\MPLABXProjects\Ascensor\AscensorV1.X\ascensor.asm
                   FIN_RB   0x0000c9    program     static C:\Users\frank\MPLABXProjects\Ascensor\AscensorV1.X\ascensor.asm
                 FIN_TMR0   0x0000dc    program     static C:\Users\frank\MPLABXProjects\Ascensor\AscensorV1.X\ascensor.asm
                   INICIO   0x000005    program     static C:\Users\frank\MPLABXProjects\Ascensor\AscensorV1.X\ascensor.asm
               ISR_INICIO   0x0000aa    program     static C:\Users\frank\MPLABXProjects\Ascensor\AscensorV1.X\ascensor.asm
                ISR_TIMER   0x0000d2    program     static C:\Users\frank\MPLABXProjects\Ascensor\AscensorV1.X\ascensor.asm
                    LOOP1   0x00009f    program     static C:\Users\frank\MPLABXProjects\Ascensor\AscensorV1.X\ascensor.asm
                    LOOP2   0x0000a1    program     static C:\Users\frank\MPLABXProjects\Ascensor\AscensorV1.X\ascensor.asm
                    LOOP3   0x0000a3    program     static C:\Users\frank\MPLABXProjects\Ascensor\AscensorV1.X\ascensor.asm
                    LOOPI   0x0000b4    program     static C:\Users\frank\MPLABXProjects\Ascensor\AscensorV1.X\ascensor.asm
                LOOP_MAIN   0x000031    program     static C:\Users\frank\MPLABXProjects\Ascensor\AscensorV1.X\ascensor.asm
                  MOSTRAR   0x00006f    program     static C:\Users\frank\MPLABXProjects\Ascensor\AscensorV1.X\ascensor.asm
             MOSTRAR_DSPL   0x000077    program     static C:\Users\frank\MPLABXProjects\Ascensor\AscensorV1.X\ascensor.asm
            NINGUNA_TECLA   0x0000ce    program     static C:\Users\frank\MPLABXProjects\Ascensor\AscensorV1.X\ascensor.asm
           NO_FUNCIONANDO   0x000060    program     static C:\Users\frank\MPLABXProjects\Ascensor\AscensorV1.X\ascensor.asm
                   RESTAR   0x000044    program     static C:\Users\frank\MPLABXProjects\Ascensor\AscensorV1.X\ascensor.asm
                  RETARDO   0x00009d    program     static C:\Users\frank\MPLABXProjects\Ascensor\AscensorV1.X\ascensor.asm
               TABLA_DSPL   0x00007b    program     static C:\Users\frank\MPLABXProjects\Ascensor\AscensorV1.X\ascensor.asm
            TABLA_TECLADO   0x00008c    program     static C:\Users\frank\MPLABXProjects\Ascensor\AscensorV1.X\ascensor.asm
                  TESTEAR   0x000049    program     static C:\Users\frank\MPLABXProjects\Ascensor\AscensorV1.X\ascensor.asm
                   VERIF2   0x00003e    program     static C:\Users\frank\MPLABXProjects\Ascensor\AscensorV1.X\ascensor.asm
             _.org_2_0076   0x000076    program     static C:\Users\frank\MPLABXProjects\Ascensor\AscensorV1.X\ascensor.asm



                              Symbols - Sorted by Address
                     Name    Address   Location    Storage File                     
                ---------  ---------  ---------  --------- ---------                
                   INICIO   0x000005    program     static C:\Users\frank\MPLABXProjects\Ascensor\AscensorV1.X\ascensor.asm
                LOOP_MAIN   0x000031    program     static C:\Users\frank\MPLABXProjects\Ascensor\AscensorV1.X\ascensor.asm
                   VERIF2   0x00003e    program     static C:\Users\frank\MPLABXProjects\Ascensor\AscensorV1.X\ascensor.asm
                   RESTAR   0x000044    program     static C:\Users\frank\MPLABXProjects\Ascensor\AscensorV1.X\ascensor.asm
                  TESTEAR   0x000049    program     static C:\Users\frank\MPLABXProjects\Ascensor\AscensorV1.X\ascensor.asm
           NO_FUNCIONANDO   0x000060    program     static C:\Users\frank\MPLABXProjects\Ascensor\AscensorV1.X\ascensor.asm
                   ARRIBA   0x000069    program     static C:\Users\frank\MPLABXProjects\Ascensor\AscensorV1.X\ascensor.asm
                    ABAJO   0x00006c    program     static C:\Users\frank\MPLABXProjects\Ascensor\AscensorV1.X\ascensor.asm
                  MOSTRAR   0x00006f    program     static C:\Users\frank\MPLABXProjects\Ascensor\AscensorV1.X\ascensor.asm
               EMERGENCIA   0x000071    program     static C:\Users\frank\MPLABXProjects\Ascensor\AscensorV1.X\ascensor.asm
             _.org_2_0076   0x000076    program     static C:\Users\frank\MPLABXProjects\Ascensor\AscensorV1.X\ascensor.asm
             MOSTRAR_DSPL   0x000077    program     static C:\Users\frank\MPLABXProjects\Ascensor\AscensorV1.X\ascensor.asm
               TABLA_DSPL   0x00007b    program     static C:\Users\frank\MPLABXProjects\Ascensor\AscensorV1.X\ascensor.asm
            TABLA_TECLADO   0x00008c    program     static C:\Users\frank\MPLABXProjects\Ascensor\AscensorV1.X\ascensor.asm
                  RETARDO   0x00009d    program     static C:\Users\frank\MPLABXProjects\Ascensor\AscensorV1.X\ascensor.asm
                    LOOP1   0x00009f    program     static C:\Users\frank\MPLABXProjects\Ascensor\AscensorV1.X\ascensor.asm
                    LOOP2   0x0000a1    program     static C:\Users\frank\MPLABXProjects\Ascensor\AscensorV1.X\ascensor.asm
                    LOOP3   0x0000a3    program     static C:\Users\frank\MPLABXProjects\Ascensor\AscensorV1.X\ascensor.asm
               ISR_INICIO   0x0000aa    program     static C:\Users\frank\MPLABXProjects\Ascensor\AscensorV1.X\ascensor.asm
                    LOOPI   0x0000b4    program     static C:\Users\frank\MPLABXProjects\Ascensor\AscensorV1.X\ascensor.asm
                   FIN_RB   0x0000c9    program     static C:\Users\frank\MPLABXProjects\Ascensor\AscensorV1.X\ascensor.asm
            NINGUNA_TECLA   0x0000ce    program     static C:\Users\frank\MPLABXProjects\Ascensor\AscensorV1.X\ascensor.asm
                ISR_TIMER   0x0000d2    program     static C:\Users\frank\MPLABXProjects\Ascensor\AscensorV1.X\ascensor.asm
                 CONTINUE   0x0000d8    program     static C:\Users\frank\MPLABXProjects\Ascensor\AscensorV1.X\ascensor.asm
                 FIN_TMR0   0x0000dc    program     static C:\Users\frank\MPLABXProjects\Ascensor\AscensorV1.X\ascensor.asm
                 FIN_INTE   0x0000df    program     static C:\Users\frank\MPLABXProjects\Ascensor\AscensorV1.X\ascensor.asm


